function @main() -> i32 [role=entry, binding=strong, keep_alias=yes] {
  slot $node : obj<16x8>
  slot $value : obj<16x8>
  slot $values : obj<1x1>
  slot $cond__1 : i32
  slot $land__2 : i64
  slot $tmpobj__3 : obj<16x8>

  block ^entry:
    %t1 = addr $node
    %t2 = convert sext i64 i32 1
    %t3 = addr $node
    %t4 = index i8 [projection=field] %t3, 0
    %t5 = index i8 [projection=field] %t4, 8
    store i64 %t2, %t5
    %t6 = addr $value
    %t7 = convert sext i64 i32 2
    %t8 = addr $value
    %t9 = index i8 [projection=field] %t8, 8
    store i64 %t7, %t9
    %t10 = addr $values
    %t11 = addr $node
    %t12 = call ptr @lib__v1__key_value_types_lib__v1__node_value_lib__v1__basic_string_char__lib__v1__char_traits_char___lib__v1__allocator_char____unsigned_long_int______get_value(%t11)
    %t13 = index i8 [projection=field] %t12, 8
    %t14 = load i64 %t13
    %t15 = convert sext i64 i32 1
    %t16 = cmp eq i64 %t14, %t15
    branch %t16, ^land_rhs_4, ^land_short_5

  block ^land_rhs_4:
    %t17 = addr $tmpobj__3
    %t18 = addr $values
    %t19 = addr $value
    %t20 = call obj<16x8> @lib__v1__table_lib__v1__pair_lib__v1__basic_string_char__lib__v1__char_traits_char___lib__v1__allocator_char___const__unsigned_long_int___lib__v1__node_types_lib__v1__node_value_lib__v1__basic_string_char__lib__v1__char_traits_char___lib__v1__allocator_char____unsigned_long_int_____assign(%t18, %t19)
    copyobj 16x8 %t20, %t17
    %t21 = index i8 [projection=field] %t17, 8
    %t22 = load i64 %t21
    %t23 = convert sext i64 i32 2
    %t24 = cmp eq i64 %t22, %t23
    %t25 = cmp ne i64 %t24, 0
    store i64 %t25, $land__2
    jump ^land_end_6

  block ^land_short_5:
    store i64 0, $land__2
    jump ^land_end_6

  block ^land_end_6:
    %t26 = load i64 $land__2
    branch %t26, ^cond_then_1, ^cond_else_2

  block ^cond_then_1:
    store i32 0, $cond__1
    jump ^cond_end_3

  block ^cond_else_2:
    store i32 1, $cond__1
    jump ^cond_end_3

  block ^cond_end_3:
    %t27 = load i32 $cond__1
    return i32 %t27
}
function @lib__v1__table_lib__v1__pair_lib__v1__basic_string_char__lib__v1__char_traits_char___lib__v1__allocator_char___const__unsigned_long_int___lib__v1__node_types_lib__v1__node_value_lib__v1__basic_string_char__lib__v1__char_traits_char___lib__v1__allocator_char____unsigned_long_int_____assign(%this : ptr, %value : ptr [pass=reference]) -> obj<16x8> [binding=weak, object=_ZN3lib2v15tableINS0_4pairIKNS0_12basic_stringIcNS0_11char_traitsIcEENS0_9allocatorIcEEEEmEENS0_10node_typesINS0_10node_valueIS8_mEEEEE6assignERSA_] {
  slot $this : ptr
  slot $value : ptr
  slot $retobj__1 : obj<16x8>

  block ^entry:
    store ptr %this, $this
    store ptr %value, $value
    %t1 = addr $retobj__1
    %t2 = load ptr $value
    %t3 = call ptr @lib__v1__key_value_types_lib__v1__node_value_lib__v1__basic_string_char__lib__v1__char_traits_char___lib__v1__allocator_char____unsigned_long_int______get_value__ov2(%t2)
    copyobj 16x8 %t3, %t1
    return obj<16x8> $retobj__1
}
function @lib__v1__key_value_types_lib__v1__node_value_lib__v1__basic_string_char__lib__v1__char_traits_char___lib__v1__allocator_char____unsigned_long_int______get_value(%value : ptr [pass=reference]) -> ptr [binding=weak, object=_ZN3lib2v115key_value_typesINS0_10node_valueINS0_12basic_stringIcNS0_11char_traitsIcEENS0_9allocatorIcEEEEmEEE11__get_valueIS9_TnNS0_9enable_ifIXsr7is_sameIT_S9_EE5valueEiE4typeELi0EEERKNS0_4pairIKS8_mEERSD_] {
  slot $value : ptr

  block ^entry:
    store ptr %value, $value
    %t1 = load ptr $value
    %t2 = call ptr @lib__v1__node_value_lib__v1__basic_string_char__lib__v1__char_traits_char___lib__v1__allocator_char____unsigned_long_int_____get_value(%t1)
    return ptr %t2
}
function @lib__v1__key_value_types_lib__v1__node_value_lib__v1__basic_string_char__lib__v1__char_traits_char___lib__v1__allocator_char____unsigned_long_int______get_value__ov2(%value : ptr [pass=reference]) -> ptr [binding=weak, object=_ZN3lib2v115key_value_typesINS0_10node_valueINS0_12basic_stringIcNS0_11char_traitsIcEENS0_9allocatorIcEEEEmEEE11__get_valueINS0_4pairIKS8_mEETnNS0_9enable_ifIXsr7is_sameIT_SE_EE5valueEiE4typeELi0EEERKSE_RSG_] {
  slot $value : ptr

  block ^entry:
    store ptr %value, $value
    %t1 = load ptr $value
    return ptr %t1
}
function @lib__v1__node_value_lib__v1__basic_string_char__lib__v1__char_traits_char___lib__v1__allocator_char____unsigned_long_int_____get_value(%this : ptr) -> ptr [binding=weak, object=_ZNK3lib2v110node_valueINS0_12basic_stringIcNS0_11char_traitsIcEENS0_9allocatorIcEEEEmE11__get_valueEv] {
  slot $this : ptr

  block ^entry:
    store ptr %this, $this
    %t1 = load ptr $this
    %t2 = index i8 [projection=field] %t1, 0
    return ptr %t2
}
