function @main() -> i32 [role=entry, binding=strong, keep_alias=yes] {
  slot $derived : obj<1x1>

  block ^entry:
    %t1 = addr $derived
    %t2 = addr $derived
    %t3 = index i8 [projection=base_subobject] %t2, 0
    %t4 = call i32 @default_member_base__given(%t3, 5)
    %t5 = call i32 @default_member_base__taken(6)
    %t6 = binary add i32 %t4, %t5
    %t7 = binary sub i32 %t6, 11
    return i32 %t7
}
function @default_member_base__taken(%written : i32) -> i32 [binding=weak, object=_ZN19default_member_base5takenEi] {
  slot $written : i32

  block ^entry:
    store i32 %written, $written
    %t1 = load i32 $written
    return i32 %t1
}
function @default_member_base__given(%this : ptr, %written : i32) -> i32 [binding=weak, object=_ZN19default_member_base5givenEi] {
  slot $this : ptr
  slot $written : i32

  block ^entry:
    store ptr %this, $this
    store i32 %written, $written
    %t1 = load i32 $written
    return i32 %t1
}
