function @main() -> i32 [role=entry, binding=strong, keep_alias=yes] {
  slot $cond__1 : i32

  block ^entry:
    %t1 = const i64 1
    %t2 = const i64 1
    %t3 = binary add i64 %t1, %t2
    %t4 = const i64 1
    %t5 = binary add i64 %t3, %t4
    %t6 = const i64 1
    %t7 = binary add i64 %t5, %t6
    %t8 = const i64 1
    %t9 = binary add i64 %t7, %t8
    %t10 = const i64 1
    %t11 = binary add i64 %t9, %t10
    %t12 = const i64 1
    %t13 = binary add i64 %t11, %t12
    %t14 = convert sext i64 i32 7
    %t15 = cmp eq i64 %t13, %t14
    branch %t15, ^cond_then_1, ^cond_else_2

  block ^cond_then_1:
    store i32 0, $cond__1
    jump ^cond_end_3

  block ^cond_else_2:
    store i32 1, $cond__1
    jump ^cond_end_3

  block ^cond_end_3:
    %t16 = load i32 $cond__1
    return i32 %t16
}
