function @main() -> i32 [role=entry, binding=strong, keep_alias=yes] {
  block ^entry:
    return i32 0
}
function @made__made(%this : ptr, %given : i32) -> void [binding=weak, object=_ZN4madeC1Ei] {
  slot $this : ptr
  slot $given : i32

  block ^entry:
    store ptr %this, $this
    store i32 %given, $given
    %t1 = load i32 $given
    %t2 = load ptr $this
    %t3 = index i8 [projection=field] %t2, 0
    store i32 %t1, %t3
    return void
}
alias object _ZN4madeC2Ei = @made__made
