function @main() -> i32 [role=entry, binding=strong, keep_alias=yes] {
  slot $d : obj<4x4>
  slot $cond__1 : i32

  block ^entry:
    %t1 = addr $d
    call void @Derived__Derived(%t1, 7)
    %t2 = addr $d
    %t3 = index i8 [projection=base_subobject] %t2, 0
    %t4 = index i8 [projection=field] %t3, 0
    %t5 = load i32 %t4
    %t6 = cmp eq i32 %t5, 7
    branch %t6, ^cond_then_1, ^cond_else_2

  block ^cond_then_1:
    store i32 0, $cond__1
    jump ^cond_end_3

  block ^cond_else_2:
    store i32 1, $cond__1
    jump ^cond_end_3

  block ^cond_end_3:
    %t7 = load i32 $cond__1
    return i32 %t7
}
function @Derived__Derived(%this : ptr, %n : i32) -> void [binding=weak, object=_ZN7DerivedC1Ei] {
  slot $this : ptr
  slot $n : i32

  block ^entry:
    store ptr %this, $this
    store i32 %n, $n
    %t1 = load ptr $this
    %t2 = index i8 [projection=base_subobject] %t1, 0
    %t3 = load i32 $n
    call void @Base__Base__base_entry(%t2, %t3)
    return void
}
function @Base__Base__base_entry(%this : ptr, %n : i32) -> void [binding=weak, object=_ZN4BaseC2Ei] {
  slot $this : ptr
  slot $n : i32

  block ^entry:
    store ptr %this, $this
    store i32 %n, $n
    %t1 = load i32 $n
    %t2 = load ptr $this
    %t3 = index i8 [projection=field] %t2, 0
    store i32 %t1, %t3
    return void
}
alias object _ZN7DerivedC2Ei = @Derived__Derived
