function @main() -> i32 [role=entry, binding=strong, keep_alias=yes] {
  slot $one : obj<4x4>

  block ^entry:
    %t1 = addr $one
    %t2 = addr $one
    %t3 = index i8 [projection=field] %t2, 0
    store i32 0, %t3
    %t4 = addr $one
    %t5 = index i8 [projection=field] %t4, 0
    %t6 = load i32 %t5
    return i32 %t6
}
