function @Held__doubled(%this : ptr) -> i32 [binding=weak, object=_ZN4Held7doubledEv] {
  slot $this : ptr

  block ^entry:
    store ptr %this, $this
    %t1 = load ptr $this
    %t2 = index i8 [projection=field] %t1, 0
    %t3 = load i32 %t2
    %t4 = load ptr $this
    %t5 = index i8 [projection=field] %t4, 0
    %t6 = load i32 %t5
    %t7 = binary add i32 %t3, %t6
    return i32 %t7
}
function @Held__origin() -> i32 [binding=weak, object=_ZN4Held6originEv] {
  block ^entry:
    return i32 0
}
function @Held__operatorint(%this : ptr) -> i32 [binding=weak, object=_ZN4HeldcviEv] {
  slot $this : ptr

  block ^entry:
    store ptr %this, $this
    %t1 = load ptr $this
    %t2 = index i8 [projection=field] %t1, 0
    %t3 = load i32 %t2
    return i32 %t3
}
function @main() -> i32 [role=entry, binding=strong, keep_alias=yes] {
  slot $one : obj<4x4>

  block ^entry:
    %t1 = addr $one
    call void @Held__Held(%t1, 3)
    %t2 = addr $one
    %t3 = index i8 [projection=field] %t2, 0
    %t4 = load i32 %t3
    %t5 = binary sub i32 %t4, 3
    return i32 %t5
}
function @Held__Held(%this : ptr, %v : i32) -> void [binding=weak, object=_ZN4HeldC1Ei] {
  slot $this : ptr
  slot $v : i32

  block ^entry:
    store ptr %this, $this
    store i32 %v, $v
    %t1 = load i32 $v
    %t2 = load ptr $this
    %t3 = index i8 [projection=field] %t2, 0
    store i32 %t1, %t3
    return void
}
alias object _ZN4HeldC2Ei = @Held__Held
