function @main() -> i32 [role=entry, binding=strong, keep_alias=yes] {
  slot $one : obj<4x4>
  slot $two : i32

  block ^entry:
    %t1 = addr $one
    %t2 = addr $one
    %t3 = index i8 [projection=field] %t2, 0
    store i32 20, %t3
    store i32 2, $two
    %t4 = addr $one
    %t5 = call i32 @wrapped__operator_(%t4, 2)
    %t6 = addr $one
    %t7 = addr $two
    %t8 = call i32 @operator_(%t6, %t7)
    %t9 = binary add i32 %t5, %t8
    %t10 = binary sub i32 %t9, 44
    return i32 %t10
}
function @wrapped__operator_(%this : ptr, %step : i32) -> i32 [binding=weak, object=_ZNK7wrappedplIiEEiT_] {
  slot $this : ptr
  slot $step : i32

  block ^entry:
    store ptr %this, $this
    store i32 %step, $step
    %t1 = load ptr $this
    %t2 = index i8 [projection=field] %t1, 0
    %t3 = load i32 %t2
    %t4 = load i32 $step
    %t5 = binary add i32 %t3, %t4
    return i32 %t5
}
function @operator_(%held : ptr [pass=reference], %step : ptr) -> i32 [binding=weak, object=_ZplIiEiRK7wrappedPT_] {
  slot $held : ptr
  slot $step : ptr

  block ^entry:
    store ptr %held, $held
    store ptr %step, $step
    %t1 = load ptr $held
    %t2 = index i8 [projection=field] %t1, 0
    %t3 = load i32 %t2
    %t4 = load ptr $step
    %t5 = load i32 %t4
    %t6 = binary add i32 %t3, %t5
    return i32 %t6
}
