function @main() -> i32 [role=entry, binding=strong, keep_alias=yes] {
  slot $a : obj<4x4>
  slot $b : obj<1x1>
  slot $cond__1 : i32
  slot $land__2 : i64

  block ^entry:
    %t1 = addr $a
    call void @holder_int___holder(%t1, 5)
    %t2 = addr $b
    call void @holder_char___holder(%t2, 7)
    %t3 = addr $a
    %t4 = call i32 @peeker_int___read(%t3)
    %t5 = cmp eq i32 %t4, 5
    branch %t5, ^land_rhs_4, ^land_short_5

  block ^land_rhs_4:
    %t6 = addr $b
    %t7 = call i8 @peeker_char___read(%t6)
    %t8 = convert sext i32 i8 %t7
    %t9 = cmp eq i32 %t8, 7
    %t10 = cmp ne i64 %t9, 0
    store i64 %t10, $land__2
    jump ^land_end_6

  block ^land_short_5:
    store i64 0, $land__2
    jump ^land_end_6

  block ^land_end_6:
    %t11 = load i64 $land__2
    branch %t11, ^cond_then_1, ^cond_else_2

  block ^cond_then_1:
    store i32 0, $cond__1
    jump ^cond_end_3

  block ^cond_else_2:
    store i32 1, $cond__1
    jump ^cond_end_3

  block ^cond_end_3:
    %t12 = load i32 $cond__1
    return i32 %t12
}
function @holder_int___holder(%this : ptr, %v : i32) -> void [binding=weak, object=_ZN6holderIiEC1Ei] {
  slot $this : ptr
  slot $v : i32

  block ^entry:
    store ptr %this, $this
    store i32 %v, $v
    %t1 = load i32 $v
    %t2 = load ptr $this
    %t3 = index i8 [projection=field] %t2, 0
    store i32 %t1, %t3
    return void
}
function @holder_char___holder(%this : ptr, %v : i8) -> void [binding=weak, object=_ZN6holderIcEC1Ec] {
  slot $this : ptr
  slot $v : i8

  block ^entry:
    store ptr %this, $this
    store i8 %v, $v
    %t1 = load i8 $v
    %t2 = load ptr $this
    %t3 = index i8 [projection=field] %t2, 0
    store i8 %t1, %t3
    return void
}
function @peeker_int___read(%h : ptr [pass=reference]) -> i32 [binding=weak, object=_ZN6peekerIiE4readER6holderIiE] {
  slot $h : ptr

  block ^entry:
    store ptr %h, $h
    %t1 = load ptr $h
    %t2 = index i8 [projection=field] %t1, 0
    %t3 = load i32 %t2
    return i32 %t3
}
function @peeker_char___read(%h : ptr [pass=reference]) -> i8 [binding=weak, object=_ZN6peekerIcE4readER6holderIcE] {
  slot $h : ptr

  block ^entry:
    store ptr %h, $h
    %t1 = load ptr $h
    %t2 = index i8 [projection=field] %t1, 0
    %t3 = load i8 %t2
    return i8 %t3
}
alias object _ZN6holderIiEC2Ei = @holder_int___holder
alias object _ZN6holderIcEC2Ec = @holder_char___holder
