1 translation units
start translation unit 1
translation-unit
  function-definition use function of () returning void
    compound-statement
      simple-declaration
        variable a int
          literal prvalue int 1
      expression-statement
        binary-expression prvalue int OP_COMMA:,
          literal prvalue int 0
          call-expression prvalue int
            callee id function of (int) returning int
            id-expression lvalue int a
      expression-statement
        binary-expression prvalue int OP_COMMA:,
          literal prvalue int 0
          call-expression prvalue int
            callee id function of (int) returning int
            id-expression lvalue int a
      expression-statement
        binary-expression prvalue int OP_COMMA:,
          literal prvalue int 0
          call-expression prvalue int
            callee id function of (int) returning int
            id-expression lvalue int a
  function-declaration id function of (int) returning int
    parameter  int
end translation unit
