global @first : i32 [binding=strong, object=_Z5first] = zero
global @second : i32 [binding=strong, object=_Z6second] = zero
global @third : i16 [binding=strong, object=_Z5third] = zero
global @unnamed : i32 [binding=strong, object=_Z7unnamed] = zero
global @later : i32 [binding=strong, object=_Z5later] = zero
global @addressed : ptr [binding=strong, object=_Z9addressed] = 0

function @measure(%__param0 : i32) -> i32 [binding=strong, object=_Z7measure5plain] {
  slot $__param0 : i32

  block ^entry:
    store i32 %__param0, $__param0
    return i32 1
}
function @main() -> i32 [role=entry, binding=strong, keep_alias=yes] {
  slot $o : obj<4x4>
  slot $w : obj<4x4>
  slot $a : i32
  slot $cond__1 : i32
  slot $land__2 : i64
  slot $land__3 : i64
  slot $land__4 : i64
  slot $land__5 : i64
  slot $land__6 : i64
  slot $land__7 : i64
  slot $land__8 : i64
  slot $land__9 : i64
  slot $land__10 : i64

  block ^entry:
    %t1 = addr $o
    store i32 0, %t1
    %t2 = addr $w
    store i32 0, %t2
    store i32 0, $a
    %t3 = load i32 @first
    %t4 = call i32 @measure(%t3)
    %t5 = cmp eq i32 %t4, 1
    branch %t5, ^land_rhs_28, ^land_short_29

  block ^land_rhs_28:
    %t6 = const i64 2
    %t7 = convert sext i64 i32 2
    %t8 = cmp eq i64 %t6, %t7
    %t9 = cmp ne i64 %t8, 0
    store i64 %t9, $land__10
    jump ^land_end_30

  block ^land_short_29:
    store i64 0, $land__10
    jump ^land_end_30

  block ^land_end_30:
    %t10 = load i64 $land__10
    branch %t10, ^land_rhs_25, ^land_short_26

  block ^land_rhs_25:
    %t11 = const i64 2
    %t12 = convert sext i64 i32 2
    %t13 = cmp eq i64 %t11, %t12
    %t14 = cmp ne i64 %t13, 0
    store i64 %t14, $land__9
    jump ^land_end_27

  block ^land_short_26:
    store i64 0, $land__9
    jump ^land_end_27

  block ^land_end_27:
    %t15 = load i64 $land__9
    branch %t15, ^land_rhs_22, ^land_short_23

  block ^land_rhs_22:
    %t16 = load i32 @second
    %t17 = cmp eq i32 %t16, 0
    %t18 = cmp ne i64 %t17, 0
    store i64 %t18, $land__8
    jump ^land_end_24

  block ^land_short_23:
    store i64 0, $land__8
    jump ^land_end_24

  block ^land_end_24:
    %t19 = load i64 $land__8
    branch %t19, ^land_rhs_19, ^land_short_20

  block ^land_rhs_19:
    %t20 = load i32 @unnamed
    %t21 = cmp eq i32 %t20, 0
    %t22 = cmp ne i64 %t21, 0
    store i64 %t22, $land__7
    jump ^land_end_21

  block ^land_short_20:
    store i64 0, $land__7
    jump ^land_end_21

  block ^land_end_21:
    %t23 = load i64 $land__7
    branch %t23, ^land_rhs_16, ^land_short_17

  block ^land_rhs_16:
    %t24 = load i32 @later
    %t25 = cmp eq i32 %t24, 0
    %t26 = cmp ne i64 %t25, 0
    store i64 %t26, $land__6
    jump ^land_end_18

  block ^land_short_17:
    store i64 0, $land__6
    jump ^land_end_18

  block ^land_end_18:
    %t27 = load i64 $land__6
    branch %t27, ^land_rhs_13, ^land_short_14

  block ^land_rhs_13:
    %t28 = addr $o
    %t29 = index i8 [projection=field] %t28, 0
    %t30 = load i32 %t29
    %t31 = cmp eq i32 %t30, 0
    %t32 = cmp ne i64 %t31, 0
    store i64 %t32, $land__5
    jump ^land_end_15

  block ^land_short_14:
    store i64 0, $land__5
    jump ^land_end_15

  block ^land_end_15:
    %t33 = load i64 $land__5
    branch %t33, ^land_rhs_10, ^land_short_11

  block ^land_rhs_10:
    %t34 = addr $w
    %t35 = index i8 [projection=field] %t34, 0
    %t36 = load i32 %t35
    %t37 = cmp eq i32 %t36, 0
    %t38 = cmp ne i64 %t37, 0
    store i64 %t38, $land__4
    jump ^land_end_12

  block ^land_short_11:
    store i64 0, $land__4
    jump ^land_end_12

  block ^land_end_12:
    %t39 = load i64 $land__4
    branch %t39, ^land_rhs_7, ^land_short_8

  block ^land_rhs_7:
    %t40 = load i32 $a
    %t41 = cmp eq i32 %t40, 0
    %t42 = cmp ne i64 %t41, 0
    store i64 %t42, $land__3
    jump ^land_end_9

  block ^land_short_8:
    store i64 0, $land__3
    jump ^land_end_9

  block ^land_end_9:
    %t43 = load i64 $land__3
    branch %t43, ^land_rhs_4, ^land_short_5

  block ^land_rhs_4:
    %t44 = load ptr @addressed
    %t45 = cmp eq ptr %t44, 0
    %t46 = cmp ne i64 %t45, 0
    store i64 %t46, $land__2
    jump ^land_end_6

  block ^land_short_5:
    store i64 0, $land__2
    jump ^land_end_6

  block ^land_end_6:
    %t47 = load i64 $land__2
    branch %t47, ^cond_then_1, ^cond_else_2

  block ^cond_then_1:
    store i32 0, $cond__1
    jump ^cond_end_3

  block ^cond_else_2:
    store i32 1, $cond__1
    jump ^cond_end_3

  block ^cond_end_3:
    %t48 = load i32 $cond__1
    return i32 %t48
}
