function @main() -> i32 [role=entry, binding=strong, keep_alias=yes] {
  slot $first : obj<4x4>
  slot $second : obj<4x4>
  slot $third : obj<4x4>
  slot $fourth : obj<4x4>

  block ^entry:
    %t1 = addr $first
    call void @parenthesized__parenthesized(%t1)
    %t2 = addr $second
    call void @parenthesized__parenthesized(%t2)
    %t3 = addr $third
    call void @counted__counted(%t3)
    %t4 = addr $fourth
    call void @counted__counted(%t4)
    %t5 = addr $first
    %t6 = index i8 [projection=field] %t5, 0
    %t7 = index i8 [projection=field] %t6, 0
    %t8 = load i32 %t7
    %t9 = addr $second
    %t10 = index i8 [projection=field] %t9, 0
    %t11 = index i8 [projection=field] %t10, 0
    %t12 = load i32 %t11
    %t13 = binary add i32 %t8, %t12
    %t14 = addr $third
    %t15 = index i8 [projection=field] %t14, 0
    %t16 = load i32 %t15
    %t17 = binary add i32 %t13, %t16
    %t18 = addr $fourth
    %t19 = index i8 [projection=field] %t18, 0
    %t20 = load i32 %t19
    %t21 = binary add i32 %t17, %t20
    return i32 %t21
}
function @parenthesized__parenthesized(%this : ptr) -> void [binding=weak, object=_ZN13parenthesizedC1Ev] {
  slot $this : ptr

  block ^entry:
    store ptr %this, $this
    %t1 = load ptr $this
    %t2 = index i8 [projection=field] %t1, 0
    store i32 0, %t2
    return void
}
function @counted__counted(%this : ptr) -> void [binding=weak, object=_ZN7countedC1Ev] {
  slot $this : ptr

  block ^entry:
    store ptr %this, $this
    %t1 = load ptr $this
    %t2 = index i8 [projection=field] %t1, 0
    store i32 0, %t2
    return void
}
alias object _ZN13parenthesizedC2Ev = @parenthesized__parenthesized
alias object _ZN7countedC2Ev = @counted__counted
