function @main() -> i32 [role=entry, binding=strong, keep_alias=yes] {
  slot $t : obj<1x1>
  slot $m : obj<1x1>
  slot $cond__1 : i32
  slot $land__2 : i64
  slot $land__3 : i64
  slot $land__4 : i64

  block ^entry:
    %t1 = addr $t
    %t2 = addr $m
    %t3 = addr $t
    %t4 = index i8 [projection=base_subobject] %t3, 0
    %t5 = call i32 @at(%t4)
    %t6 = cmp eq i32 %t5, 2
    branch %t6, ^land_rhs_10, ^land_short_11

  block ^land_rhs_10:
    %t7 = addr $t
    %t8 = index i8 [projection=base_subobject] %t7, 0
    %t9 = call i32 @at__ov2(%t8)
    %t10 = cmp eq i32 %t9, 1
    %t11 = cmp ne i64 %t10, 0
    store i64 %t11, $land__4
    jump ^land_end_12

  block ^land_short_11:
    store i64 0, $land__4
    jump ^land_end_12

  block ^land_end_12:
    %t12 = load i64 $land__4
    branch %t12, ^land_rhs_7, ^land_short_8

  block ^land_rhs_7:
    %t13 = addr $t
    %t14 = index i8 [projection=base_subobject] %t13, 0
    %t15 = call i32 @at__ov3(%t14)
    %t16 = cmp eq i32 %t15, 0
    %t17 = cmp ne i64 %t16, 0
    store i64 %t17, $land__3
    jump ^land_end_9

  block ^land_short_8:
    store i64 0, $land__3
    jump ^land_end_9

  block ^land_end_9:
    %t18 = load i64 $land__3
    branch %t18, ^land_rhs_4, ^land_short_5

  block ^land_rhs_4:
    %t19 = addr $m
    %t20 = index i8 [projection=base_subobject] %t19, 0
    %t21 = call i32 @second(%t20)
    %t22 = cmp eq i32 %t21, 2
    %t23 = cmp ne i64 %t22, 0
    store i64 %t23, $land__2
    jump ^land_end_6

  block ^land_short_5:
    store i64 0, $land__2
    jump ^land_end_6

  block ^land_end_6:
    %t24 = load i64 $land__2
    branch %t24, ^cond_then_1, ^cond_else_2

  block ^cond_then_1:
    store i32 0, $cond__1
    jump ^cond_end_3

  block ^cond_else_2:
    store i32 1, $cond__1
    jump ^cond_end_3

  block ^cond_end_3:
    %t25 = load i32 $cond__1
    return i32 %t25
}
function @at(%__param0 : ptr [pass=reference]) -> i32 [binding=weak, object=_Z2atILm0EiJclEEiR4implIXT_EJT0_DpT1_EE] {
  slot $__param0 : ptr

  block ^entry:
    store ptr %__param0, $__param0
    %t1 = const i64 2
    %t2 = convert trunc i32 i64 %t1
    return i32 %t2
}
function @at__ov2(%__param0 : ptr [pass=reference]) -> i32 [binding=weak, object=_Z2atILm1EcJlEEiR4implIXT_EJT0_DpT1_EE] {
  slot $__param0 : ptr

  block ^entry:
    store ptr %__param0, $__param0
    %t1 = const i64 1
    %t2 = convert trunc i32 i64 %t1
    return i32 %t2
}
function @at__ov3(%__param0 : ptr [pass=reference]) -> i32 [binding=weak, object=_Z2atILm2ElJEEiR4implIXT_EJT0_DpT1_EE] {
  slot $__param0 : ptr

  block ^entry:
    store ptr %__param0, $__param0
    %t1 = const i64 0
    %t2 = convert trunc i32 i64 %t1
    return i32 %t2
}
function @second(%__param0 : ptr [pass=reference]) -> i32 [binding=weak, object=_Z6secondIlEiR4pairIT_cE] {
  slot $__param0 : ptr

  block ^entry:
    store ptr %__param0, $__param0
    return i32 2
}
