function @main() -> i32 [role=entry, binding=strong, keep_alias=yes] {
  block ^entry:
    %t1 = call i32 @around__inner__reach()
    %t2 = binary sub i32 %t1, 7
    return i32 %t2
}
function @around__inner__reach() -> i32 [binding=weak, object=_ZN6around5inner5reachIiEEiv] {
  block ^entry:
    %t1 = binary add i32 3, 4
    return i32 %t1
}
