global @outer__held__ptr : ptr [binding=strong, object=_ZN5outer4held3ptrE] = 0

function @main() -> i32 [role=entry, binding=strong, keep_alias=yes] {
  slot $object : obj<4x4>

  block ^entry:
    %t1 = addr $object
    call void @outer__held__held(%t1)
    %t2 = call i32 @outer__span()
    %t3 = binary sub i32 %t2, 1
    %t4 = addr $object
    %t5 = index i8 [projection=field] %t4, 0
    %t6 = load i32 %t5
    %t7 = binary add i32 %t3, %t6
    %t8 = binary sub i32 %t7, 4
    %t9 = const i64 8
    %t10 = convert trunc i32 i64 %t9
    %t11 = call i32 @outer__held__wide(%t10)
    %t12 = binary add i32 %t8, %t11
    %t13 = binary sub i32 %t12, 8
    return i32 %t13
}
function @outer__held__wide(%span : i32) -> i32 [binding=weak, object=_ZN5outer4held4wideIlEEii] {
  slot $span : i32

  block ^entry:
    store i32 %span, $span
    %t1 = load i32 $span
    return i32 %t1
}
function @outer__span() -> i32 [binding=weak, object=_ZN5outer4spanEv] {
  block ^entry:
    %t1 = const i64 1
    %t2 = convert trunc i32 i64 %t1
    %t3 = call i32 @outer__held__made(%t2)
    return i32 %t3
}
function @outer__held__held(%this : ptr) -> void [unwind=no, binding=weak, object=_ZN5outer4heldC1Ev] {
  slot $this : ptr

  block ^entry:
    store ptr %this, $this
    %t1 = const i64 1
    %t2 = convert trunc i32 i64 %t1
    %t3 = binary add i32 %t2, 3
    %t4 = load ptr $this
    %t5 = index i8 [projection=field] %t4, 0
    store i32 %t3, %t5
    return void
}
function @outer__held__made(%width : i32) -> i32 [binding=weak, object=_ZN5outer4held4madeEi] {
  slot $width : i32

  block ^entry:
    store i32 %width, $width
    %t1 = load i32 $width
    return i32 %t1
}
alias object _ZN5outer4heldC2Ev = @outer__held__held
