function @add_two(%value : i32) -> i32 [binding=strong, object=_Z7add_twoi] {
  slot $value : i32

  block ^entry:
    store i32 %value, $value
    %t1 = load i32 $value
    %t2 = binary add i32 %t1, 2
    return i32 %t2
}
function @main() -> i32 [role=entry, binding=strong, keep_alias=yes] {
  slot $seven : obj<4x4>
  slot $triple : obj<4x4>
  slot $through_pointer : i32
  slot $through_object : i32
  slot $cond__1 : i32
  slot $land__2 : i64

  block ^entry:
    %t1 = addr $seven
    %t2 = addr $seven
    %t3 = index i8 [projection=field] %t2, 0
    store i32 7, %t3
    %t4 = addr $triple
    %t5 = addr $triple
    %t6 = index i8 [projection=field] %t5, 0
    store i32 3, %t6
    %t7 = addr $seven
    %t8 = call i32 @counted__operatorint(%t7)
    %t9 = addr @add_two
    %t10 = call i32 %t9(%t8) as (%arg0 : i32) -> i32
    store i32 %t10, $through_pointer
    %t11 = addr $triple
    %t12 = call i32 @scaler__operator__(%t11, 4)
    store i32 %t12, $through_object
    %t13 = load i32 $through_pointer
    %t14 = cmp eq i32 %t13, 9
    branch %t14, ^land_rhs_4, ^land_short_5

  block ^land_rhs_4:
    %t15 = load i32 $through_object
    %t16 = cmp eq i32 %t15, 12
    %t17 = cmp ne i64 %t16, 0
    store i64 %t17, $land__2
    jump ^land_end_6

  block ^land_short_5:
    store i64 0, $land__2
    jump ^land_end_6

  block ^land_end_6:
    %t18 = load i64 $land__2
    branch %t18, ^cond_then_1, ^cond_else_2

  block ^cond_then_1:
    store i32 0, $cond__1
    jump ^cond_end_3

  block ^cond_else_2:
    store i32 1, $cond__1
    jump ^cond_end_3

  block ^cond_end_3:
    %t19 = load i32 $cond__1
    return i32 %t19
}
function @counted__operatorint(%this : ptr) -> i32 [binding=weak, object=_ZNK7countedcviEv] {
  slot $this : ptr

  block ^entry:
    store ptr %this, $this
    %t1 = load ptr $this
    %t2 = index i8 [projection=field] %t1, 0
    %t3 = load i32 %t2
    return i32 %t3
}
function @scaler__operator__(%this : ptr, %value : i32) -> i32 [binding=weak, object=_ZNK6scalerclEi] {
  slot $this : ptr
  slot $value : i32

  block ^entry:
    store ptr %this, $this
    store i32 %value, $value
    %t1 = load i32 $value
    %t2 = load ptr $this
    %t3 = index i8 [projection=field] %t2, 0
    %t4 = load i32 %t3
    %t5 = binary mul i32 %t1, %t4
    return i32 %t5
}
