global @__strlit__1 [binding=internal] = {
  i8 97
  i8 98
  i8 0
}

function @operator___mixed(%__param0 : ptr, %__param1 : i64) -> i32 [binding=strong, object=_Zli6_mixedPKcm] {
  slot $__param0 : ptr
  slot $__param1 : i64

  block ^entry:
    store ptr %__param0, $__param0
    store i64 %__param1, $__param1
    return i32 100
}
function @operator___cooked(%value : i64) -> i32 [binding=strong, object=_Zli7_cookedy] {
  slot $value : i64

  block ^entry:
    store i64 %value, $value
    %t1 = load i64 $value
    %t2 = convert trunc i32 i64 %t1
    %t3 = binary add i32 %t2, 7
    return i32 %t3
}
function @operator___wide(%value : f80) -> i32 [binding=strong, object=_Zli5_widee] {
  slot $value : f80

  block ^entry:
    store f80 %value, $value
    %t1 = load f80 $value
    %t2 = convert fptosi i32 f80 %t1
    return i32 %t2
}
function @main() -> i32 [role=entry, binding=strong, keep_alias=yes] {
  slot $cond__1 : i32
  slot $land__2 : i64
  slot $land__3 : i64
  slot $land__4 : i64
  slot $land__5 : i64
  slot $land__6 : i64
  slot $land__7 : i64
  slot $land__8 : i64

  block ^entry:
    %t1 = call i32 @operator___spelled()
    %t2 = cmp eq i32 %t1, 2049
    branch %t2, ^land_rhs_22, ^land_short_23

  block ^land_rhs_22:
    %t3 = call i32 @operator___spelled__ov2()
    %t4 = cmp eq i32 %t3, 4048
    %t5 = cmp ne i64 %t4, 0
    store i64 %t5, $land__8
    jump ^land_end_24

  block ^land_short_23:
    store i64 0, $land__8
    jump ^land_end_24

  block ^land_end_24:
    %t6 = load i64 $land__8
    branch %t6, ^land_rhs_19, ^land_short_20

  block ^land_rhs_19:
    %t7 = call i32 @operator___spelled__ov3()
    %t8 = cmp eq i32 %t7, 3049
    %t9 = cmp ne i64 %t8, 0
    store i64 %t9, $land__7
    jump ^land_end_21

  block ^land_short_20:
    store i64 0, $land__7
    jump ^land_end_21

  block ^land_end_21:
    %t10 = load i64 $land__7
    branch %t10, ^land_rhs_16, ^land_short_17

  block ^land_rhs_16:
    %t11 = call i32 @operator___spelled()
    %t12 = call i32 @operator___spelled()
    %t13 = cmp eq i32 %t11, %t12
    %t14 = cmp ne i64 %t13, 0
    store i64 %t14, $land__6
    jump ^land_end_18

  block ^land_short_17:
    store i64 0, $land__6
    jump ^land_end_18

  block ^land_end_18:
    %t15 = load i64 $land__6
    branch %t15, ^land_rhs_13, ^land_short_14

  block ^land_rhs_13:
    %t16 = call i32 @operator___spelled__ov4()
    %t17 = cmp eq i32 %t16, 1049
    %t18 = cmp ne i64 %t17, 0
    store i64 %t18, $land__5
    jump ^land_end_15

  block ^land_short_14:
    store i64 0, $land__5
    jump ^land_end_15

  block ^land_end_15:
    %t19 = load i64 $land__5
    branch %t19, ^land_rhs_10, ^land_short_11

  block ^land_rhs_10:
    %t20 = call i32 @operator___mixed__ov2()
    %t21 = addr @__strlit__1
    %t22 = convert sext i64 i32 2
    %t23 = call i32 @operator___mixed(%t21, %t22)
    %t24 = binary add i32 %t20, %t23
    %t25 = cmp eq i32 %t24, 101
    %t26 = cmp ne i64 %t25, 0
    store i64 %t26, $land__4
    jump ^land_end_12

  block ^land_short_11:
    store i64 0, $land__4
    jump ^land_end_12

  block ^land_end_12:
    %t27 = load i64 $land__4
    branch %t27, ^land_rhs_7, ^land_short_8

  block ^land_rhs_7:
    %t28 = convert sext i64 i32 35
    %t29 = call i32 @operator___cooked(%t28)
    %t30 = cmp eq i32 %t29, 42
    %t31 = cmp ne i64 %t30, 0
    store i64 %t31, $land__3
    jump ^land_end_9

  block ^land_short_8:
    store i64 0, $land__3
    jump ^land_end_9

  block ^land_end_9:
    %t32 = load i64 $land__3
    branch %t32, ^land_rhs_4, ^land_short_5

  block ^land_rhs_4:
    %t33 = convert fpext f80 f64 1.5
    %t34 = call i32 @operator___wide(%t33)
    %t35 = cmp eq i32 %t34, 1
    %t36 = cmp ne i64 %t35, 0
    store i64 %t36, $land__2
    jump ^land_end_6

  block ^land_short_5:
    store i64 0, $land__2
    jump ^land_end_6

  block ^land_end_6:
    %t37 = load i64 $land__2
    branch %t37, ^cond_then_1, ^cond_else_2

  block ^cond_then_1:
    store i32 0, $cond__1
    jump ^cond_end_3

  block ^cond_else_2:
    store i32 1, $cond__1
    jump ^cond_end_3

  block ^cond_end_3:
    %t38 = load i32 $cond__1
    return i32 %t38
}
function @operator___spelled() -> i32 [binding=weak, object=_Zli8_spelledIJLc49ELc50EEEiv] {
  block ^entry:
    %t1 = const i64 2
    %t2 = convert sext i64 i32 1000
    %t3 = binary mul i64 %t1, %t2
    %t4 = convert sext i64 i32 49
    %t5 = binary add i64 %t3, %t4
    %t6 = convert trunc i32 i64 %t5
    return i32 %t6
}
function @operator___spelled__ov2() -> i32 [binding=weak, object=_Zli8_spelledIJLc48ELc120ELc70ELc70EEEiv] {
  block ^entry:
    %t1 = const i64 4
    %t2 = convert sext i64 i32 1000
    %t3 = binary mul i64 %t1, %t2
    %t4 = convert sext i64 i32 48
    %t5 = binary add i64 %t3, %t4
    %t6 = convert trunc i32 i64 %t5
    return i32 %t6
}
function @operator___spelled__ov3() -> i32 [binding=weak, object=_Zli8_spelledIJLc49ELc46ELc53EEEiv] {
  block ^entry:
    %t1 = const i64 3
    %t2 = convert sext i64 i32 1000
    %t3 = binary mul i64 %t1, %t2
    %t4 = convert sext i64 i32 49
    %t5 = binary add i64 %t3, %t4
    %t6 = convert trunc i32 i64 %t5
    return i32 %t6
}
function @operator___spelled__ov4() -> i32 [binding=weak, object=_Zli8_spelledIJLc49EEEiv] {
  block ^entry:
    %t1 = const i64 1
    %t2 = convert sext i64 i32 1000
    %t3 = binary mul i64 %t1, %t2
    %t4 = convert sext i64 i32 49
    %t5 = binary add i64 %t3, %t4
    %t6 = convert trunc i32 i64 %t5
    return i32 %t6
}
function @operator___mixed__ov2() -> i32 [binding=weak, object=_Zli6_mixedIJLc51EEEiv] {
  block ^entry:
    %t1 = const i64 1
    %t2 = convert trunc i32 i64 %t1
    return i32 %t2
}
